// Jest Snapshot v1, https://goo.gl/fbAQLP

exports[`<Card /> renders Card properly 1`] = `
<div
  class="fr-card fr-card--grey fr-enlarge-link"
  data-testid="card"
>
  <div
    class="fr-card__body"
  >
    <div
      class="fr-card__content"
    >
      <p
        class="fr-card__title"
        data-testid="cardtitle"
      >
        <a
          class="fr-card__link"
          href="/"
        >
          Qu’est-ce que le Pass Culture et comment l’obtenir ?
        </a>
      </p>
      <p
        class="fr-card__desc"
        data-testid="carddescription"
      >
        Description texte body small regular consectetur adipisicing elit, sed do eiusmod tempor incididunt ut labore et dolore…
      </p>
      <p
        class="fr-card__detail"
        data-testid="carddetail"
      >
        Détail
      </p>
    </div>
  </div>
  <div
    class="fr-card__header"
  >
    <div
      class="fr-card__img"
      data-testid="cardimage"
    >
      <img
        alt="alternative"
        class="fr-responsive-img"
        src="http://fakeimg.pl/300/"
      />
    </div>
  </div>
  <span>
    <span
      aria-hidden="false"
      class="ri-xl icon-left ds-fr--v-middle ri-arrow-right-line ds-fr-card-icon"
    />
  </span>
  
</div>
`;
