// Jest Snapshot v1, https://goo.gl/fbAQLP

exports[`<Radio /> renders correctly 1`] = `
<div
  className="fr-radio-group"
  data-testid="radio"
>
  <input
    defaultChecked={true}
    disabled={false}
    id="xxxxxxx"
    onChange={[Function]}
    required={false}
    type="radio"
    value="value"
  />
  <label
    className="fr-label"
    htmlFor="xxxxxxx"
  >
    Label de la radio
  </label>
  
  
</div>
`;
